// Jest Snapshot v1, https://goo.gl/fbAQLP

exports[`Calendar app Should display DayTable by default 1`] = `
<div
  className="calendar"
>
  <MonthSelectButton
    addMonth={[Function]}
    currentDate="February 1970"
    isShown={false}
    onClick={[Function]}
  />
  <DayTable
    calendar={
      Array [
        Array [
          Object {
            "date": 1970-01-31T21:00:00.000Z,
            "isPart": true,
            "isSelected": true,
            "isToday": false,
          },
          Object {
            "date": 1970-02-01T21:00:00.000Z,
            "isPart": true,
            "isSelected": false,
            "isToday": false,
          },
          Object {
            "date": 1970-02-02T21:00:00.000Z,
            "isPart": true,
            "isSelected": false,
            "isToday": false,
          },
          Object {
            "date": 1970-02-03T21:00:00.000Z,
            "isPart": true,
            "isSelected": false,
            "isToday": false,
          },
          Object {
            "date": 1970-02-04T21:00:00.000Z,
            "isPart": true,
            "isSelected": false,
            "isToday": false,
          },
          Object {
            "date": 1970-02-05T21:00:00.000Z,
            "isPart": true,
            "isSelected": false,
            "isToday": false,
          },
          Object {
            "date": 1970-02-06T21:00:00.000Z,
            "isPart": true,
            "isSelected": false,
            "isToday": false,
          },
        ],
        Array [
          Object {
            "date": 1970-02-07T21:00:00.000Z,
            "isPart": true,
            "isSelected": false,
            "isToday": false,
          },
          Object {
            "date": 1970-02-08T21:00:00.000Z,
            "isPart": true,
            "isSelected": false,
            "isToday": false,
          },
          Object {
            "date": 1970-02-09T21:00:00.000Z,
            "isPart": true,
            "isSelected": false,
            "isToday": false,
          },
          Object {
            "date": 1970-02-10T21:00:00.000Z,
            "isPart": true,
            "isSelected": false,
            "isToday": false,
          },
          Object {
            "date": 1970-02-11T21:00:00.000Z,
            "isPart": true,
            "isSelected": false,
            "isToday": false,
          },
          Object {
            "date": 1970-02-12T21:00:00.000Z,
            "isPart": true,
            "isSelected": false,
            "isToday": false,
          },
          Object {
            "date": 1970-02-13T21:00:00.000Z,
            "isPart": true,
            "isSelected": false,
            "isToday": false,
          },
        ],
        Array [
          Object {
            "date": 1970-02-14T21:00:00.000Z,
            "isPart": true,
            "isSelected": false,
            "isToday": false,
          },
          Object {
            "date": 1970-02-15T21:00:00.000Z,
            "isPart": true,
            "isSelected": false,
            "isToday": false,
          },
          Object {
            "date": 1970-02-16T21:00:00.000Z,
            "isPart": true,
            "isSelected": false,
            "isToday": false,
          },
          Object {
            "date": 1970-02-17T21:00:00.000Z,
            "isPart": true,
            "isSelected": false,
            "isToday": false,
          },
          Object {
            "date": 1970-02-18T21:00:00.000Z,
            "isPart": true,
            "isSelected": false,
            "isToday": false,
          },
          Object {
            "date": 1970-02-19T21:00:00.000Z,
            "isPart": true,
            "isSelected": false,
            "isToday": false,
          },
          Object {
            "date": 1970-02-20T21:00:00.000Z,
            "isPart": true,
            "isSelected": false,
            "isToday": false,
          },
        ],
        Array [
          Object {
            "date": 1970-02-21T21:00:00.000Z,
            "isPart": true,
            "isSelected": false,
            "isToday": false,
          },
          Object {
            "date": 1970-02-22T21:00:00.000Z,
            "isPart": true,
            "isSelected": false,
            "isToday": false,
          },
          Object {
            "date": 1970-02-23T21:00:00.000Z,
            "isPart": true,
            "isSelected": false,
            "isToday": false,
          },
          Object {
            "date": 1970-02-24T21:00:00.000Z,
            "isPart": true,
            "isSelected": false,
            "isToday": false,
          },
          Object {
            "date": 1970-02-25T21:00:00.000Z,
            "isPart": true,
            "isSelected": false,
            "isToday": false,
          },
          Object {
            "date": 1970-02-26T21:00:00.000Z,
            "isPart": true,
            "isSelected": false,
            "isToday": false,
          },
          Object {
            "date": 1970-02-27T21:00:00.000Z,
            "isPart": true,
            "isSelected": false,
            "isToday": false,
          },
        ],
        Array [
          Object {
            "date": 1970-02-28T21:00:00.000Z,
            "isPart": false,
            "isSelected": false,
            "isToday": false,
          },
          Object {
            "date": 1970-03-01T21:00:00.000Z,
            "isPart": false,
            "isSelected": false,
            "isToday": false,
          },
          Object {
            "date": 1970-03-02T21:00:00.000Z,
            "isPart": false,
            "isSelected": false,
            "isToday": false,
          },
          Object {
            "date": 1970-03-03T21:00:00.000Z,
            "isPart": false,
            "isSelected": false,
            "isToday": false,
          },
          Object {
            "date": 1970-03-04T21:00:00.000Z,
            "isPart": false,
            "isSelected": false,
            "isToday": false,
          },
          Object {
            "date": 1970-03-05T21:00:00.000Z,
            "isPart": false,
            "isSelected": false,
            "isToday": false,
          },
          Object {
            "date": 1970-03-06T21:00:00.000Z,
            "isPart": false,
            "isSelected": false,
            "isToday": false,
          },
        ],
        Array [
          Object {
            "date": 1970-03-07T21:00:00.000Z,
            "isPart": false,
            "isSelected": false,
            "isToday": false,
          },
          Object {
            "date": 1970-03-08T21:00:00.000Z,
            "isPart": false,
            "isSelected": false,
            "isToday": false,
          },
          Object {
            "date": 1970-03-09T21:00:00.000Z,
            "isPart": false,
            "isSelected": false,
            "isToday": false,
          },
          Object {
            "date": 1970-03-10T21:00:00.000Z,
            "isPart": false,
            "isSelected": false,
            "isToday": false,
          },
          Object {
            "date": 1970-03-11T21:00:00.000Z,
            "isPart": false,
            "isSelected": false,
            "isToday": false,
          },
          Object {
            "date": 1970-03-12T21:00:00.000Z,
            "isPart": false,
            "isSelected": false,
            "isToday": false,
          },
          Object {
            "date": 1970-03-13T21:00:00.000Z,
            "isPart": false,
            "isSelected": false,
            "isToday": false,
          },
        ],
      ]
    }
    changeDate={[Function]}
  />
  <button
    className="todayButton"
    onClick={[Function]}
  >
    Today
  </button>
</div>
`;

exports[`Calendar app Should display YearPicker and MonthSelect when click on button 1`] = `
<div
  className="calendar"
>
  <MonthSelectButton
    addMonth={[Function]}
    currentDate="February 1970"
    isShown={true}
    onClick={[Function]}
  />
  <YearPicker
    addYear={[Function]}
    date={1970}
  />
  <MonthSelect
    changeMonth={[Function]}
    date={1970-01-31T21:00:00.000Z}
  />
</div>
`;
